<html>
<body>
<pre>
<h1>礦ision Build Log</h1>
<h2>Tool Versions:</h2>
IDE-Version: μVision V5.37.0.0
Copyright (C) 2022 ARM Ltd and ARM Germany GmbH. All rights reserved.
License Information: QWQ 朱宝飞, Q, LIC=Y2B1Q-NL17Z-MSNYP-MWUS7-FC8LR-69JX7
 
Tool Versions:
Toolchain:       MDK-ARM Professional  Version: 5.37.0.0
Toolchain Path:  D:\dan-p-j-software\STM32\ARM\ARMCC\Bin
C Compiler:      Armcc.exe V5.06 update 7 (build 960)
Assembler:       Armasm.exe V5.06 update 7 (build 960)
Linker/Locator:  ArmLink.exe V5.06 update 7 (build 960)
Library Manager: ArmAr.exe V5.06 update 7 (build 960)
Hex Converter:   FromElf.exe V5.06 update 7 (build 960)
CPU DLL:         SARMCM3.DLL V5.37.0.0
Dialog DLL:      DCM.DLL V1.17.5.0
Target DLL:      CMSIS_AGDI.dll V1.33.12.0
Dialog DLL:      TCM.DLL V1.56.1.0
 
<h2>Project:</h2>
D:\dan-p-j-software\keil-32-software\物联网工程期末项目\project.uvprojx
Project File Date:  06/10/2026

<h2>Output:</h2>
*** Using Compiler 'V5.06 update 7 (build 960)', folder: 'D:\dan-p-j-software\STM32\ARM\ARMCC\Bin'
Build target 'Target 1'
compiling main.c...
.\System\led.h(3): warning:  #1295-D: Deprecated declaration shoye - give arg types
  void shoye();
.\System\led.h(4): warning:  #1295-D: Deprecated declaration yushui - give arg types
  void yushui();
.\System\led.h(5): warning:  #1295-D: Deprecated declaration chuangliguan - give arg types
  void chuangliguan();
.\System\led.h(6): warning:  #1295-D: Deprecated declaration chuanglikai - give arg types
  void chuanglikai();
.\System\led.h(7): warning:  #1295-D: Deprecated declaration wenshidu - give arg types
  void wenshidu();
.\System\led.h(8): warning:  #1295-D: Deprecated declaration gunagming - give arg types
  void gunagming();
.\System\photosensitive.h(11): warning:  #1-D: last line of file ends without a newline
  #endif
.\System\usart_it.h(9): warning:  #1-D: last line of file ends without a newline
  #endif
User\main.c(12): warning:  #1295-D: Deprecated declaration qingping - give arg types
  void qingping();
User\main.c(132): warning:  #1-D: last line of file ends without a newline
  }
User\main.c: 10 warnings, 0 errors
linking...
Program Size: Code=7448 RO-data=4524 RW-data=64 ZI-data=1712  
".\Objects\project.axf" - 0 Error(s), 10 Warning(s).

<h2>Software Packages used:</h2>

Package Vendor: Keil
                http://www.keil.com/pack/Keil.STM32F1xx_DFP.2.4.0.pack
                Keil.STM32F1xx_DFP.2.4.0
                STMicroelectronics STM32F1 Series Device Support, Drivers and Examples

<h2>Collection of Component include folders:</h2>
  D:/dan-p-j-software/STM32/Keil/STM32F1xx_DFP/2.4.0/Device/Include

<h2>Collection of Component Files used:</h2>
Build Time Elapsed:  00:00:01
</pre>
</body>
</html>
